2026-08-01 14:55:20,052 - src.extract - INFO - Loaded 2000 rows and 14 columns from users_data.csv
2026-08-01 14:55:20,094 - src.extract - INFO - Loaded 6146 rows and 13 columns from cards_data.csv
2026-08-01 14:55:20,107 - src.extract - INFO - Loaded 109 rows and 2 columns from mcc_codes.json
2026-08-01 14:55:46,120 - src.extract - INFO - Loaded 13305915 rows and 12 columns from transactions_data.csv
2026-08-01 14:55:46,152 - src.transform - INFO - users_df transformed: (2000, 11)
2026-08-01 14:55:46,179 - src.transform - INFO - cards_df transformed: (6146, 9)
2026-08-01 14:55:46,181 - src.transform - INFO - merchant_category_df transformed: (109, 2)
2026-08-01 14:57:08,077 - src.extract - INFO - Loaded 2000 rows and 14 columns from users_data.csv
2026-08-01 14:57:08,094 - src.extract - INFO - Loaded 6146 rows and 13 columns from cards_data.csv
2026-08-01 14:57:08,094 - src.extract - INFO - Loaded 109 rows and 2 columns from mcc_codes.json
2026-08-01 14:57:29,751 - src.extract - INFO - Loaded 13305915 rows and 12 columns from transactions_data.csv
2026-08-01 14:57:29,767 - src.transform - INFO - users_df transformed: (2000, 11)
2026-08-01 14:57:29,780 - src.transform - INFO - cards_df transformed: (6146, 9)
2026-08-01 14:57:29,781 - src.transform - INFO - merchant_category_df transformed: (109, 2)
2026-08-01 14:58:30,667 - src.transform - INFO - merchants_df transformed: (74831, 5)
2026-08-01 14:58:49,339 - src.transform - INFO - transactions_df transformed: (13305915, 8)
2026-08-01 14:58:49,909 - src.load - INFO - Loaded users table in 0.30 seconds
2026-08-01 14:58:49,914 - src.load - INFO - Loaded merchant_category table in 0.00 seconds
2026-08-01 14:58:50,217 - src.load - INFO - Loaded cards table in 0.30 seconds
2026-08-01 14:58:52,010 - src.load - INFO - Loaded merchants table in 1.79 seconds
2026-08-01 15:05:37,819 - src.load - INFO - Loaded transactions table in 405.81 seconds
2026-08-04 13:42:45,440 - src.extract - INFO - Loaded 2000 rows and 14 columns from users_data.csv
2026-08-04 13:42:45,507 - src.extract - INFO - Loaded 6146 rows and 13 columns from cards_data.csv
2026-08-04 13:42:45,538 - src.extract - INFO - Loaded 109 rows and 2 columns from mcc_codes.json
2026-08-04 13:43:35,868 - src.extract - INFO - Loaded 13305915 rows and 12 columns from transactions_data.csv
2026-08-04 13:43:35,935 - src.transform - INFO - users_df transformed: (2000, 11)
2026-08-04 13:43:35,979 - src.transform - INFO - cards_df transformed: (6146, 9)
2026-08-04 13:43:35,981 - src.transform - INFO - merchant_category_df transformed: (109, 2)
2026-08-04 13:46:16,448 - src.transform - INFO - merchants_df transformed: (74831, 5)
2026-08-04 13:46:55,503 - src.transform - INFO - transactions_df transformed: (13305915, 8)
2026-08-04 13:48:52,409 - src.extract - INFO - Loaded 2000 rows and 14 columns from users_data.csv
2026-08-04 13:48:52,458 - src.extract - INFO - Loaded 6146 rows and 13 columns from cards_data.csv
2026-08-04 13:48:52,461 - src.extract - INFO - Loaded 109 rows and 2 columns from mcc_codes.json
2026-08-04 13:49:33,915 - src.extract - INFO - Loaded 13305915 rows and 12 columns from transactions_data.csv
2026-08-04 13:49:33,929 - src.transform - INFO - users_df transformed: (2000, 11)
2026-08-04 13:49:33,945 - src.transform - INFO - cards_df transformed: (6146, 9)
2026-08-04 13:49:33,947 - src.transform - INFO - merchant_category_df transformed: (109, 2)
2026-08-04 13:51:28,618 - src.transform - INFO - merchants_df transformed: (74831, 5)
2026-08-04 13:52:02,034 - src.transform - INFO - transactions_df transformed: (13305915, 8)
2026-08-04 22:01:55,948 - src.extract - INFO - Loaded 2000 rows and 14 columns from users_data.csv
2026-08-04 22:01:55,973 - src.extract - INFO - Loaded 6146 rows and 13 columns from cards_data.csv
2026-08-04 22:01:55,984 - src.extract - INFO - Loaded 109 rows and 2 columns from mcc_codes.json
2026-08-04 22:02:17,444 - src.extract - INFO - Loaded 13305915 rows and 12 columns from transactions_data.csv
2026-08-04 22:02:17,478 - src.transform - INFO - users_df transformed: (2000, 11)
2026-08-04 22:02:17,497 - src.transform - INFO - cards_df transformed: (6146, 9)
2026-08-04 22:02:17,498 - src.transform - INFO - merchant_category_df transformed: (109, 2)
2026-08-04 22:03:12,435 - src.transform - INFO - merchants_df transformed: (74831, 5)
2026-08-04 22:03:27,854 - src.transform - INFO - transactions_df transformed: (13305915, 8)
2026-08-04 22:07:40,153 - __main__ - INFO - Tables truncated.
2026-08-04 22:07:40,320 - src.load - INFO - Loaded users table in 0.17 seconds
2026-08-04 22:07:40,326 - src.load - INFO - Loaded merchant_category table in 0.01 seconds
2026-08-04 22:07:40,650 - src.load - INFO - Loaded cards table in 0.32 seconds
2026-08-04 22:07:42,513 - src.load - INFO - Loaded merchants table in 1.86 seconds
2026-08-04 22:14:36,302 - src.load - INFO - Loaded transactions table in 413.79 seconds
2026-08-04 22:20:13,507 - src.extract - INFO - Loaded 2000 rows and 14 columns from users_data.csv
2026-08-04 22:20:13,519 - src.extract - INFO - Loaded 6146 rows and 13 columns from cards_data.csv
2026-08-04 22:20:13,520 - src.extract - INFO - Loaded 109 rows and 2 columns from mcc_codes.json
2026-08-04 22:20:33,870 - src.extract - INFO - Loaded 13305915 rows and 12 columns from transactions_data.csv
2026-08-04 22:20:33,890 - src.transform - INFO - users_df transformed: (2000, 11)
2026-08-04 22:20:33,901 - src.transform - INFO - cards_df transformed: (6146, 9)
2026-08-04 22:20:33,902 - src.transform - INFO - merchant_category_df transformed: (109, 2)
2026-08-04 22:21:31,105 - src.transform - INFO - merchants_df transformed: (74831, 5)
2026-08-04 22:21:46,663 - src.transform - INFO - transactions_df transformed: (13305915, 8)
2026-08-04 22:21:54,733 - src.load - INFO - Tables truncated.
2026-08-04 22:21:54,829 - src.load - INFO - Loaded users table in 0.10 seconds
2026-08-04 22:21:54,841 - src.load - INFO - Loaded merchant_category table in 0.01 seconds
2026-08-04 22:21:55,142 - src.load - INFO - Loaded cards table in 0.30 seconds
2026-08-04 22:21:57,006 - src.load - INFO - Loaded merchants table in 1.86 seconds
2026-08-04 22:28:31,974 - src.load - INFO - Loaded transactions table in 394.97 seconds